Archive member included to satisfy reference by file (symbol)

/home/callum/.config/Code/User/globalStorage/bmd.stm32-for-vscode/@xpack-dev-tools/arm-none-eabi-gcc/10.3.1-2.3.1/.content/bin/../lib/gcc/arm-none-eabi/10.3.1/../../../../arm-none-eabi/lib/thumb/v7-m/nofp/libc_nano.a(lib_a-exit.o)
                              /home/callum/.config/Code/User/globalStorage/bmd.stm32-for-vscode/@xpack-dev-tools/arm-none-eabi-gcc/10.3.1-2.3.1/.content/bin/../lib/gcc/arm-none-eabi/10.3.1/../../../../arm-none-eabi/lib/thumb/v7-m/nofp/crt0.o (exit)
/home/callum/.config/Code/User/globalStorage/bmd.stm32-for-vscode/@xpack-dev-tools/arm-none-eabi-gcc/10.3.1-2.3.1/.content/bin/../lib/gcc/arm-none-eabi/10.3.1/../../../../arm-none-eabi/lib/thumb/v7-m/nofp/libc_nano.a(lib_a-impure.o)
                              /home/callum/.config/Code/User/globalStorage/bmd.stm32-for-vscode/@xpack-dev-tools/arm-none-eabi-gcc/10.3.1-2.3.1/.content/bin/../lib/gcc/arm-none-eabi/10.3.1/../../../../arm-none-eabi/lib/thumb/v7-m/nofp/libc_nano.a(lib_a-exit.o) (_global_impure_ptr)
/home/callum/.config/Code/User/globalStorage/bmd.stm32-for-vscode/@xpack-dev-tools/arm-none-eabi-gcc/10.3.1-2.3.1/.content/bin/../lib/gcc/arm-none-eabi/10.3.1/../../../../arm-none-eabi/lib/thumb/v7-m/nofp/libc_nano.a(lib_a-init.o)
                              /home/callum/.config/Code/User/globalStorage/bmd.stm32-for-vscode/@xpack-dev-tools/arm-none-eabi-gcc/10.3.1-2.3.1/.content/bin/../lib/gcc/arm-none-eabi/10.3.1/../../../../arm-none-eabi/lib/thumb/v7-m/nofp/crt0.o (__libc_init_array)
/home/callum/.config/Code/User/globalStorage/bmd.stm32-for-vscode/@xpack-dev-tools/arm-none-eabi-gcc/10.3.1-2.3.1/.content/bin/../lib/gcc/arm-none-eabi/10.3.1/../../../../arm-none-eabi/lib/thumb/v7-m/nofp/libc_nano.a(lib_a-memcpy-stub.o)
                              build/util_buffer.o (memcpy)
/home/callum/.config/Code/User/globalStorage/bmd.stm32-for-vscode/@xpack-dev-tools/arm-none-eabi-gcc/10.3.1-2.3.1/.content/bin/../lib/gcc/arm-none-eabi/10.3.1/../../../../arm-none-eabi/lib/thumb/v7-m/nofp/libc_nano.a(lib_a-memset.o)
                              /home/callum/.config/Code/User/globalStorage/bmd.stm32-for-vscode/@xpack-dev-tools/arm-none-eabi-gcc/10.3.1-2.3.1/.content/bin/../lib/gcc/arm-none-eabi/10.3.1/../../../../arm-none-eabi/lib/thumb/v7-m/nofp/crt0.o (memset)
/home/callum/.config/Code/User/globalStorage/bmd.stm32-for-vscode/@xpack-dev-tools/arm-none-eabi-gcc/10.3.1-2.3.1/.content/bin/../lib/gcc/arm-none-eabi/10.3.1/../../../../arm-none-eabi/lib/thumb/v7-m/nofp/libnosys.a(_exit.o)
                              /home/callum/.config/Code/User/globalStorage/bmd.stm32-for-vscode/@xpack-dev-tools/arm-none-eabi-gcc/10.3.1-2.3.1/.content/bin/../lib/gcc/arm-none-eabi/10.3.1/../../../../arm-none-eabi/lib/thumb/v7-m/nofp/libc_nano.a(lib_a-exit.o) (_exit)
/home/callum/.config/Code/User/globalStorage/bmd.stm32-for-vscode/@xpack-dev-tools/arm-none-eabi-gcc/10.3.1-2.3.1/.content/bin/../lib/gcc/arm-none-eabi/10.3.1/thumb/v7-m/nofp/libgcc.a(_arm_muldf3.o)
                              build/hw_systick.o (__aeabi_dmul)
/home/callum/.config/Code/User/globalStorage/bmd.stm32-for-vscode/@xpack-dev-tools/arm-none-eabi-gcc/10.3.1-2.3.1/.content/bin/../lib/gcc/arm-none-eabi/10.3.1/thumb/v7-m/nofp/libgcc.a(_arm_mulsf3.o)
                              build/mgr_hearbeat.o (__aeabi_fmul)
/home/callum/.config/Code/User/globalStorage/bmd.stm32-for-vscode/@xpack-dev-tools/arm-none-eabi-gcc/10.3.1-2.3.1/.content/bin/../lib/gcc/arm-none-eabi/10.3.1/thumb/v7-m/nofp/libgcc.a(_arm_addsubdf3.o)
                              build/mgr_hearbeat.o (__aeabi_dadd)
/home/callum/.config/Code/User/globalStorage/bmd.stm32-for-vscode/@xpack-dev-tools/arm-none-eabi-gcc/10.3.1-2.3.1/.content/bin/../lib/gcc/arm-none-eabi/10.3.1/thumb/v7-m/nofp/libgcc.a(_arm_muldivdf3.o)
                              build/hw_systick.o (__aeabi_ddiv)
/home/callum/.config/Code/User/globalStorage/bmd.stm32-for-vscode/@xpack-dev-tools/arm-none-eabi-gcc/10.3.1-2.3.1/.content/bin/../lib/gcc/arm-none-eabi/10.3.1/thumb/v7-m/nofp/libgcc.a(_arm_fixunsdfsi.o)
                              build/hw_systick.o (__aeabi_d2uiz)
/home/callum/.config/Code/User/globalStorage/bmd.stm32-for-vscode/@xpack-dev-tools/arm-none-eabi-gcc/10.3.1-2.3.1/.content/bin/../lib/gcc/arm-none-eabi/10.3.1/thumb/v7-m/nofp/libgcc.a(_arm_addsubsf3.o)
                              build/hw_systick.o (__aeabi_ui2f)
/home/callum/.config/Code/User/globalStorage/bmd.stm32-for-vscode/@xpack-dev-tools/arm-none-eabi-gcc/10.3.1-2.3.1/.content/bin/../lib/gcc/arm-none-eabi/10.3.1/thumb/v7-m/nofp/libgcc.a(_arm_muldivsf3.o)
                              build/mgr_hearbeat.o (__aeabi_fdiv)

Discarded input sections

 .text          0x0000000000000000        0x0 /home/callum/.config/Code/User/globalStorage/bmd.stm32-for-vscode/@xpack-dev-tools/arm-none-eabi-gcc/10.3.1-2.3.1/.content/bin/../lib/gcc/arm-none-eabi/10.3.1/thumb/v7-m/nofp/crti.o
[...]
Memory Configuration

Name             Origin             Length             Attributes
RAM              0x0000000020000000 0x0000000000005000 xrw
FLASH            0x0000000008000000 0x0000000000010000 xr
*default*        0x0000000000000000 0xffffffffffffffff

Linker script and memory map

LOAD /home/callum/.config/Code/User/globalStorage/bmd.stm32-for-vscode/@xpack-dev-tools/arm-none-eabi-gcc/10.3.1-2.3.1/.content/bin/../lib/gcc/arm-none-eabi/10.3.1/thumb/v7-m/nofp/crti.o
LOAD /home/callum/.config/Code/User/globalStorage/bmd.stm32-for-vscode/@xpack-dev-tools/arm-none-eabi-gcc/10.3.1-2.3.1/.content/bin/../lib/gcc/arm-none-eabi/10.3.1/thumb/v7-m/nofp/crtbegin.o
LOAD /home/callum/.config/Code/User/globalStorage/bmd.stm32-for-vscode/@xpack-dev-tools/arm-none-eabi-gcc/10.3.1-2.3.1/.content/bin/../lib/gcc/arm-none-eabi/10.3.1/../../../../arm-none-eabi/lib/thumb/v7-m/nofp/crt0.o
LOAD build/drv_gpioexp.o
LOAD build/hw_adc1.o
LOAD build/hw_crc.o
LOAD build/hw_i2c1.o
LOAD build/hw_spi2.o
LOAD build/hw_stmgpio.o
LOAD build/hw_systick.o
LOAD build/hw_usart1.o
LOAD build/main.o
LOAD build/mgr_bout.o
LOAD build/mgr_hearbeat.o
LOAD build/mgr_hv.o
LOAD build/mgr_i2c.o
LOAD build/stm32f1xx_it.o
LOAD build/system_stm32f1xx.o
LOAD build/util_buffer.o
LOAD build/util_error.o
LOAD build/util_fsm.o
LOAD build/startup_stm32f103xb.o
LOAD /home/callum/.config/Code/User/globalStorage/bmd.stm32-for-vscode/@xpack-dev-tools/arm-none-eabi-gcc/10.3.1-2.3.1/.content/bin/../lib/gcc/arm-none-eabi/10.3.1/../../../../arm-none-eabi/lib/thumb/v7-m/nofp/libc_nano.a
LOAD /home/callum/.config/Code/User/globalStorage/bmd.stm32-for-vscode/@xpack-dev-tools/arm-none-eabi-gcc/10.3.1-2.3.1/.content/bin/../lib/gcc/arm-none-eabi/10.3.1/../../../../arm-none-eabi/lib/thumb/v7-m/nofp/libm.a
LOAD /home/callum/.config/Code/User/globalStorage/bmd.stm32-for-vscode/@xpack-dev-tools/arm-none-eabi-gcc/10.3.1-2.3.1/.content/bin/../lib/gcc/arm-none-eabi/10.3.1/../../../../arm-none-eabi/lib/thumb/v7-m/nofp/libnosys.a
START GROUP
LOAD /home/callum/.config/Code/User/globalStorage/bmd.stm32-for-vscode/@xpack-dev-tools/arm-none-eabi-gcc/10.3.1-2.3.1/.content/bin/../lib/gcc/arm-none-eabi/10.3.1/thumb/v7-m/nofp/libgcc.a
LOAD /home/callum/.config/Code/User/globalStorage/bmd.stm32-for-vscode/@xpack-dev-tools/arm-none-eabi-gcc/10.3.1-2.3.1/.content/bin/../lib/gcc/arm-none-eabi/10.3.1/../../../../arm-none-eabi/lib/thumb/v7-m/nofp/libc_nano.a
END GROUP
START GROUP
LOAD /home/callum/.config/Code/User/globalStorage/bmd.stm32-for-vscode/@xpack-dev-tools/arm-none-eabi-gcc/10.3.1-2.3.1/.content/bin/../lib/gcc/arm-none-eabi/10.3.1/thumb/v7-m/nofp/libgcc.a
LOAD /home/callum/.config/Code/User/globalStorage/bmd.stm32-for-vscode/@xpack-dev-tools/arm-none-eabi-gcc/10.3.1-2.3.1/.content/bin/../lib/gcc/arm-none-eabi/10.3.1/../../../../arm-none-eabi/lib/thumb/v7-m/nofp/libc_nano.a
END GROUP
LOAD /home/callum/.config/Code/User/globalStorage/bmd.stm32-for-vscode/@xpack-dev-tools/arm-none-eabi-gcc/10.3.1-2.3.1/.content/bin/../lib/gcc/arm-none-eabi/10.3.1/thumb/v7-m/nofp/crtend.o
LOAD /home/callum/.config/Code/User/globalStorage/bmd.stm32-for-vscode/@xpack-dev-tools/arm-none-eabi-gcc/10.3.1-2.3.1/.content/bin/../lib/gcc/arm-none-eabi/10.3.1/thumb/v7-m/nofp/crtn.o
                0x0000000020005000                _estack = 0x20005000
                0x0000000000000200                _Min_Heap_Size = 0x200
                0x0000000000000400                _Min_Stack_Size = 0x400

.isr_vector     0x0000000008000000      0x10c
                0x0000000008000000                . = ALIGN (0x4)
 *(.isr_vector)
 .isr_vector    0x0000000008000000      0x10c build/startup_stm32f103xb.o
                0x0000000008000000                g_pfnVectors
                0x000000000800010c                . = ALIGN (0x4)

.text           0x000000000800010c     0x1c90
                0x000000000800010c                . = ALIGN (0x4)
 *(.text)
 .text          0x000000000800010c      0x378 /home/callum/.config/Code/User/globalStorage/bmd.stm32-for-vscode/@xpack-dev-tools/arm-none-eabi-gcc/10.3.1-2.3.1/.content/bin/../lib/gcc/arm-none-eabi/10.3.1/thumb/v7-m/nofp/libgcc.a(_arm_addsubdf3.o)
                0x000000000800010c                __aeabi_drsub
                0x0000000008000114                __aeabi_dsub
                0x0000000008000114                __subdf3
                0x0000000008000118                __adddf3
                0x0000000008000118                __aeabi_dadd
                0x0000000008000390                __aeabi_ui2d
                0x0000000008000390                __floatunsidf
                0x00000000080003b0                __floatsidf
                0x00000000080003b0                __aeabi_i2d
                0x00000000080003d4                __extendsfdf2
                0x00000000080003d4                __aeabi_f2d
                0x0000000008000418                __aeabi_ul2d
                0x0000000008000418                __floatundidf
                0x0000000008000428                __floatdidf
                0x0000000008000428                __aeabi_l2d
 .text          0x0000000008000484      0x424 /home/callum/.config/Code/User/globalStorage/bmd.stm32-for-vscode/@xpack-dev-tools/arm-none-eabi-gcc/10.3.1-2.3.1/.content/bin/../lib/gcc/arm-none-eabi/10.3.1/thumb/v7-m/nofp/libgcc.a(_arm_muldivdf3.o)
                0x0000000008000484                __aeabi_dmul
                0x0000000008000484                __muldf3
                0x00000000080006d8                __aeabi_ddiv
                0x00000000080006d8                __divdf3
 .text          0x00000000080008a8       0x40 /home/callum/.config/Code/User/globalStorage/bmd.stm32-for-vscode/@xpack-dev-tools/arm-none-eabi-gcc/10.3.1-2.3.1/.content/bin/../lib/gcc/arm-none-eabi/10.3.1/thumb/v7-m/nofp/libgcc.a(_arm_fixunsdfsi.o)
                0x00000000080008a8                __fixunsdfsi
                0x00000000080008a8                __aeabi_d2uiz
 .text          0x00000000080008e8      0x21c /home/callum/.config/Code/User/globalStorage/bmd.stm32-for-vscode/@xpack-dev-tools/arm-none-eabi-gcc/10.3.1-2.3.1/.content/bin/../lib/gcc/arm-none-eabi/10.3.1/thumb/v7-m/nofp/libgcc.a(_arm_addsubsf3.o)
                0x00000000080008e8                __aeabi_frsub
                0x00000000080008f0                __subsf3
                0x00000000080008f0                __aeabi_fsub
                0x00000000080008f4                __aeabi_fadd
                0x00000000080008f4                __addsf3
                0x0000000008000a54                __aeabi_ui2f
                0x0000000008000a54                __floatunsisf
                0x0000000008000a5c                __aeabi_i2f
                0x0000000008000a5c                __floatsisf
                0x0000000008000a78                __floatundisf
                0x0000000008000a78                __aeabi_ul2f
                0x0000000008000a88                __floatdisf
                0x0000000008000a88                __aeabi_l2f
 .text          0x0000000008000b04      0x2a0 /home/callum/.config/Code/User/globalStorage/bmd.stm32-for-vscode/@xpack-dev-tools/arm-none-eabi-gcc/10.3.1-2.3.1/.content/bin/../lib/gcc/arm-none-eabi/10.3.1/thumb/v7-m/nofp/libgcc.a(_arm_muldivsf3.o)
                0x0000000008000b04                __mulsf3
                0x0000000008000b04                __aeabi_fmul
                0x0000000008000c6c                __divsf3
                0x0000000008000c6c                __aeabi_fdiv
 *(.text*)
 .text.__do_global_dtors_aux
                0x0000000008000da4       0x24 /home/callum/.config/Code/User/globalStorage/bmd.stm32-for-vscode/@xpack-dev-tools/arm-none-eabi-gcc/10.3.1-2.3.1/.content/bin/../lib/gcc/arm-none-eabi/10.3.1/thumb/v7-m/nofp/crtbegin.o
 .text.frame_dummy
                0x0000000008000dc8       0x1c /home/callum/.config/Code/User/globalStorage/bmd.stm32-for-vscode/@xpack-dev-tools/arm-none-eabi-gcc/10.3.1-2.3.1/.content/bin/../lib/gcc/arm-none-eabi/10.3.1/thumb/v7-m/nofp/crtbegin.o
 .text.gpioexp_set_pin
                0x0000000008000de4       0x40 build/drv_gpioexp.o
                0x0000000008000de4                gpioexp_set_pin
 .text.gpioexp_init
                0x0000000008000e24        0xa build/drv_gpioexp.o
                0x0000000008000e24                gpioexp_init
 *fill*         0x0000000008000e2e        0x2 
 .text.i2c1_reset_periph
                0x0000000008000e30       0x18 build/hw_i2c1.o
                0x0000000008000e30                i2c1_reset_periph
 .text.i2c1_init
                0x0000000008000e48      0x118 build/hw_i2c1.o
                0x0000000008000e48                i2c1_init
 .text.i2c1_ack_bit
                0x0000000008000f60       0x10 build/hw_i2c1.o
                0x0000000008000f60                i2c1_ack_bit
 .text.i2c1_enable_periph
                0x0000000008000f70       0x18 build/hw_i2c1.o
                0x0000000008000f70                i2c1_enable_periph
 .text.i2c1_nack_bit
                0x0000000008000f88       0x10 build/hw_i2c1.o
                0x0000000008000f88                i2c1_nack_bit
 .text.i2c1_disable_periph
                0x0000000008000f98       0x10 build/hw_i2c1.o
                0x0000000008000f98                i2c1_disable_periph
 .text.i2c1_start
                0x0000000008000fa8       0xec build/hw_i2c1.o
                0x0000000008000fa8                i2c1_start
 .text.i2c1_stop
                0x0000000008001094       0x10 build/hw_i2c1.o
                0x0000000008001094                i2c1_stop
 .text.i2c1_recv
                0x00000000080010a4       0x1c build/hw_i2c1.o
                0x00000000080010a4                i2c1_recv
 .text.i2c1_send
                0x00000000080010c0       0x1c build/hw_i2c1.o
                0x00000000080010c0                i2c1_send
 .text.i2c1_set_evt_callback
                0x00000000080010dc       0x14 build/hw_i2c1.o
                0x00000000080010dc                i2c1_set_evt_callback
 .text.i2c1_set_err_callback
                0x00000000080010f0       0x14 build/hw_i2c1.o
                0x00000000080010f0                i2c1_set_err_callback
 .text.i2c1_get_last_event
                0x0000000008001104        0xc build/hw_i2c1.o
                0x0000000008001104                i2c1_get_last_event
 .text.I2C1_EV_IRQHandler
                0x0000000008001110       0x5c build/hw_i2c1.o
                0x0000000008001110                I2C1_EV_IRQHandler
 .text.I2C1_ER_IRQHandler
                0x000000000800116c       0x60 build/hw_i2c1.o
                0x000000000800116c                I2C1_ER_IRQHandler
 .text.stmgpio_write
                0x00000000080011cc       0x24 build/hw_stmgpio.o
                0x00000000080011cc                stmgpio_write
 .text.stmgpio_can_init
                0x00000000080011f0       0x74 build/hw_stmgpio.o
                0x00000000080011f0                stmgpio_can_init
 .text.stmgpio_setup
                0x0000000008001264       0xdc build/hw_stmgpio.o
                0x0000000008001264                stmgpio_setup
 .text.hw_systick_get_freq
                0x0000000008001340        0xc build/hw_systick.o
                0x0000000008001340                hw_systick_get_freq
 .text.hw_systick_start
                0x000000000800134c        0xe build/hw_systick.o
                0x000000000800134c                hw_systick_start
 *fill*         0x000000000800135a        0x2 
 .text.hw_systick_init
                0x000000000800135c       0x5c build/hw_systick.o
                0x000000000800135c                hw_systick_init
 .text.hw_systick_add_callback
                0x00000000080013b8       0x34 build/hw_systick.o
                0x00000000080013b8                hw_systick_add_callback
 .text.SysTick_Handler
                0x00000000080013ec       0x40 build/hw_systick.o
                0x00000000080013ec                SysTick_Handler
 .text.hw_system_clocks_init
                0x000000000800142c       0xe8 build/main.o
                0x000000000800142c                hw_system_clocks_init
 .text.main     0x0000000008001514       0x40 build/main.o
                0x0000000008001514                main
 .text.heartbeat_reset
                0x0000000008001554       0x1c build/mgr_hearbeat.o
                0x0000000008001554                heartbeat_reset
 .text.heartbeat_start
                0x0000000008001570        0xc build/mgr_hearbeat.o
                0x0000000008001570                heartbeat_start
 .text.heartbeat_set_poll_mode
                0x000000000800157c        0xc build/mgr_hearbeat.o
                0x000000000800157c                heartbeat_set_poll_mode
 .text.heartbeat_lower_multiple
                0x0000000008001588        0xc build/mgr_hearbeat.o
                0x0000000008001588                heartbeat_lower_multiple
 .text.heartbeat_poll
                0x0000000008001594       0xec build/mgr_hearbeat.o
                0x0000000008001594                heartbeat_poll
 .text.heartbeat_tick_callback
                0x0000000008001680       0x2c build/mgr_hearbeat.o
                0x0000000008001680                heartbeat_tick_callback
 .text.heartbeat_set_period_ms
                0x00000000080016ac       0xf8 build/mgr_hearbeat.o
                0x00000000080016ac                heartbeat_set_period_ms
 .text.heartbeat_init
                0x00000000080017a4       0x4c build/mgr_hearbeat.o
                0x00000000080017a4                heartbeat_init
 .text.heartbeat_set_pattern_mode
                0x00000000080017f0       0x1c build/mgr_hearbeat.o
                0x00000000080017f0                heartbeat_set_pattern_mode
 .text.i2c_state_error
                0x000000000800180c        0x2 build/mgr_i2c.o
                0x000000000800180c                i2c_state_error
 .text.i2c_error_callback
                0x000000000800180e        0x6 build/mgr_i2c.o
                0x000000000800180e                i2c_error_callback
 .text.i2c_state_start_bit
                0x0000000008001814       0x1c build/mgr_i2c.o
                0x0000000008001814                i2c_state_start_bit
 .text.i2c_state_stop_bit
                0x0000000008001830        0x8 build/mgr_i2c.o
                0x0000000008001830                i2c_state_stop_bit
 .text.i2c_decode_i2c1_event
                0x0000000008001838       0x60 build/mgr_i2c.o
                0x0000000008001838                i2c_decode_i2c1_event
 .text.i2c_reset
                0x0000000008001898       0x1c build/mgr_i2c.o
                0x0000000008001898                i2c_reset
 .text.i2c_enable
                0x00000000080018b4        0x8 build/mgr_i2c.o
                0x00000000080018b4                i2c_enable
 .text.i2c_init
                0x00000000080018bc       0x54 build/mgr_i2c.o
                0x00000000080018bc                i2c_init
 .text.i2c_poll_fsm
                0x0000000008001910       0x10 build/mgr_i2c.o
                0x0000000008001910                i2c_poll_fsm
 .text.i2c_queue_msg
                0x0000000008001920       0x38 build/mgr_i2c.o
                0x0000000008001920                i2c_queue_msg
 .text.i2c_trig_state_trans
                0x0000000008001958       0x88 build/mgr_i2c.o
                0x0000000008001958                i2c_trig_state_trans
 .text.i2c_state_idle
                0x00000000080019e0       0x44 build/mgr_i2c.o
                0x00000000080019e0                i2c_state_idle
 .text.i2c_state_tx_data
                0x0000000008001a24       0x48 build/mgr_i2c.o
                0x0000000008001a24                i2c_state_tx_data
 .text.i2c_state_rx_data
                0x0000000008001a6c       0x58 build/mgr_i2c.o
                0x0000000008001a6c                i2c_state_rx_data
 .text.i2c_event_callback
                0x0000000008001ac4       0x18 build/mgr_i2c.o
                0x0000000008001ac4                i2c_event_callback
 .text.NMI_Handler
                0x0000000008001adc        0x2 build/stm32f1xx_it.o
                0x0000000008001adc                NMI_Handler
 .text.HardFault_Handler
                0x0000000008001ade        0x2 build/stm32f1xx_it.o
                0x0000000008001ade                HardFault_Handler
 .text.BusFault_Handler
                0x0000000008001ae0        0x2 build/stm32f1xx_it.o
                0x0000000008001ae0                BusFault_Handler
 .text.UsageFault_Handler
                0x0000000008001ae2        0x2 build/stm32f1xx_it.o
                0x0000000008001ae2                UsageFault_Handler
 .text.SVC_Handler
                0x0000000008001ae4        0x2 build/stm32f1xx_it.o
                0x0000000008001ae4                SVC_Handler
 .text.DebugMon_Handler
                0x0000000008001ae6        0x2 build/stm32f1xx_it.o
                0x0000000008001ae6                DebugMon_Handler
 .text.PendSV_Handler
                0x0000000008001ae8        0x2 build/stm32f1xx_it.o
                0x0000000008001ae8                PendSV_Handler
 .text.SystemInit
                0x0000000008001aea        0x2 build/system_stm32f1xx.o
                0x0000000008001aea                SystemInit
 .text.SystemCoreClockUpdate
                0x0000000008001aec       0x94 build/system_stm32f1xx.o
                0x0000000008001aec                SystemCoreClockUpdate
 .text.buf_reset
                0x0000000008001b80       0x1e build/util_buffer.o
                0x0000000008001b80                buf_reset
 .text.buf_init
                0x0000000008001b9e       0x20 build/util_buffer.o
                0x0000000008001b9e                buf_init
 .text.buf_write
                0x0000000008001bbe       0x76 build/util_buffer.o
                0x0000000008001bbe                buf_write
 .text.buf_peek
                0x0000000008001c34       0x5a build/util_buffer.o
                0x0000000008001c34                buf_peek
 .text.buf_read
                0x0000000008001c8e       0x2a build/util_buffer.o
                0x0000000008001c8e                buf_read
 .text.buf_is_empty
                0x0000000008001cb8        0xa build/util_buffer.o
                0x0000000008001cb8                buf_is_empty
 *fill*         0x0000000008001cc2        0x2 
 .text.Reset_Handler
                0x0000000008001cc4       0x48 build/startup_stm32f103xb.o
                0x0000000008001cc4                Reset_Handler
 .text.Default_Handler
                0x0000000008001d0c        0x2 build/startup_stm32f103xb.o
                0x0000000008001d0c                RTC_Alarm_IRQHandler
                0x0000000008001d0c                EXTI2_IRQHandler
                0x0000000008001d0c                TIM1_CC_IRQHandler
                0x0000000008001d0c                PVD_IRQHandler
                0x0000000008001d0c                EXTI3_IRQHandler
                0x0000000008001d0c                EXTI0_IRQHandler
                0x0000000008001d0c                I2C2_EV_IRQHandler
                0x0000000008001d0c                ADC1_2_IRQHandler
                0x0000000008001d0c                SPI1_IRQHandler
                0x0000000008001d0c                TAMPER_IRQHandler
                0x0000000008001d0c                DMA1_Channel4_IRQHandler
                0x0000000008001d0c                USART3_IRQHandler
                0x0000000008001d0c                RTC_IRQHandler
                0x0000000008001d0c                DMA1_Channel7_IRQHandler
                0x0000000008001d0c                CAN1_RX1_IRQHandler
                0x0000000008001d0c                TIM4_IRQHandler
                0x0000000008001d0c                DMA1_Channel6_IRQHandler
                0x0000000008001d0c                TIM3_IRQHandler
                0x0000000008001d0c                RCC_IRQHandler
                0x0000000008001d0c                TIM1_TRG_COM_IRQHandler
                0x0000000008001d0c                DMA1_Channel1_IRQHandler
                0x0000000008001d0c                Default_Handler
                0x0000000008001d0c                EXTI15_10_IRQHandler
                0x0000000008001d0c                EXTI9_5_IRQHandler
                0x0000000008001d0c                SPI2_IRQHandler
                0x0000000008001d0c                MemManage_Handler
                0x0000000008001d0c                DMA1_Channel5_IRQHandler
                0x0000000008001d0c                EXTI4_IRQHandler
                0x0000000008001d0c                USB_LP_CAN1_RX0_IRQHandler
                0x0000000008001d0c                USB_HP_CAN1_TX_IRQHandler
                0x0000000008001d0c                DMA1_Channel3_IRQHandler
                0x0000000008001d0c                TIM1_UP_IRQHandler
                0x0000000008001d0c                WWDG_IRQHandler
                0x0000000008001d0c                TIM2_IRQHandler
                0x0000000008001d0c                TIM1_BRK_IRQHandler
                0x0000000008001d0c                EXTI1_IRQHandler
                0x0000000008001d0c                USART2_IRQHandler
                0x0000000008001d0c                I2C2_ER_IRQHandler
                0x0000000008001d0c                DMA1_Channel2_IRQHandler
                0x0000000008001d0c                CAN1_SCE_IRQHandler
                0x0000000008001d0c                FLASH_IRQHandler
                0x0000000008001d0c                USART1_IRQHandler
                0x0000000008001d0c                USBWakeUp_IRQHandler
 *fill*         0x0000000008001d0e        0x2 
 .text.__libc_init_array
                0x0000000008001d10       0x48 /home/callum/.config/Code/User/globalStorage/bmd.stm32-for-vscode/@xpack-dev-tools/arm-none-eabi-gcc/10.3.1-2.3.1/.content/bin/../lib/gcc/arm-none-eabi/10.3.1/../../../../arm-none-eabi/lib/thumb/v7-m/nofp/libc_nano.a(lib_a-init.o)
                0x0000000008001d10                __libc_init_array
 .text.memcpy   0x0000000008001d58       0x1c /home/callum/.config/Code/User/globalStorage/bmd.stm32-for-vscode/@xpack-dev-tools/arm-none-eabi-gcc/10.3.1-2.3.1/.content/bin/../lib/gcc/arm-none-eabi/10.3.1/../../../../arm-none-eabi/lib/thumb/v7-m/nofp/libc_nano.a(lib_a-memcpy-stub.o)
                0x0000000008001d58                memcpy
 .text.memset   0x0000000008001d74       0x10 /home/callum/.config/Code/User/globalStorage/bmd.stm32-for-vscode/@xpack-dev-tools/arm-none-eabi-gcc/10.3.1-2.3.1/.content/bin/../lib/gcc/arm-none-eabi/10.3.1/../../../../arm-none-eabi/lib/thumb/v7-m/nofp/libc_nano.a(lib_a-memset.o)
                0x0000000008001d74                memset
 *(.glue_7)
 .glue_7        0x0000000008001d84        0x0 linker stubs
 *(.glue_7t)
 .glue_7t       0x0000000008001d84        0x0 linker stubs
 *(.eh_frame)
 .eh_frame      0x0000000008001d84        0x0 /home/callum/.config/Code/User/globalStorage/bmd.stm32-for-vscode/@xpack-dev-tools/arm-none-eabi-gcc/10.3.1-2.3.1/.content/bin/../lib/gcc/arm-none-eabi/10.3.1/thumb/v7-m/nofp/crtbegin.o
 *(.init)
 .init          0x0000000008001d84        0x4 /home/callum/.config/Code/User/globalStorage/bmd.stm32-for-vscode/@xpack-dev-tools/arm-none-eabi-gcc/10.3.1-2.3.1/.content/bin/../lib/gcc/arm-none-eabi/10.3.1/thumb/v7-m/nofp/crti.o
                0x0000000008001d84                _init
 .init          0x0000000008001d88        0x8 /home/callum/.config/Code/User/globalStorage/bmd.stm32-for-vscode/@xpack-dev-tools/arm-none-eabi-gcc/10.3.1-2.3.1/.content/bin/../lib/gcc/arm-none-eabi/10.3.1/thumb/v7-m/nofp/crtn.o
 *(.fini)
 .fini          0x0000000008001d90        0x4 /home/callum/.config/Code/User/globalStorage/bmd.stm32-for-vscode/@xpack-dev-tools/arm-none-eabi-gcc/10.3.1-2.3.1/.content/bin/../lib/gcc/arm-none-eabi/10.3.1/thumb/v7-m/nofp/crti.o
                0x0000000008001d90                _fini
 .fini          0x0000000008001d94        0x8 /home/callum/.config/Code/User/globalStorage/bmd.stm32-for-vscode/@xpack-dev-tools/arm-none-eabi-gcc/10.3.1-2.3.1/.content/bin/../lib/gcc/arm-none-eabi/10.3.1/thumb/v7-m/nofp/crtn.o
                0x0000000008001d9c                . = ALIGN (0x4)
                0x0000000008001d9c                _etext = .

.vfp11_veneer   0x0000000008001d9c        0x0
 .vfp11_veneer  0x0000000008001d9c        0x0 linker stubs

.v4_bx          0x0000000008001d9c        0x0
 .v4_bx         0x0000000008001d9c        0x0 linker stubs

.iplt           0x0000000008001d9c        0x0
 .iplt          0x0000000008001d9c        0x0 /home/callum/.config/Code/User/globalStorage/bmd.stm32-for-vscode/@xpack-dev-tools/arm-none-eabi-gcc/10.3.1-2.3.1/.content/bin/../lib/gcc/arm-none-eabi/10.3.1/thumb/v7-m/nofp/crtbegin.o

.rodata         0x0000000008001d9c       0xbc
                0x0000000008001d9c                . = ALIGN (0x4)
 *(.rodata)
 *(.rodata*)
 .rodata.PORT_A_PINS
                0x0000000008001d9c       0x10 build/hw_stmgpio.o
                0x0000000008001d9c                PORT_A_PINS
 .rodata.PORT_B_PINS
                0x0000000008001dac       0x10 build/hw_stmgpio.o
                0x0000000008001dac                PORT_B_PINS
 .rodata.PORT_C_PINS
                0x0000000008001dbc       0x10 build/hw_stmgpio.o
                0x0000000008001dbc                PORT_C_PINS
 .rodata.PORT_D_PINS
                0x0000000008001dcc       0x10 build/hw_stmgpio.o
                0x0000000008001dcc                PORT_D_PINS
 .rodata.TRANS_TAB
                0x0000000008001ddc       0x6c build/mgr_i2c.o
 .rodata.AHBPrescTable
                0x0000000008001e48       0x10 build/system_stm32f1xx.o
                0x0000000008001e48                AHBPrescTable
                0x0000000008001e58                . = ALIGN (0x4)

.rel.dyn        0x0000000008001e58        0x0
 .rel.iplt      0x0000000008001e58        0x0 /home/callum/.config/Code/User/globalStorage/bmd.stm32-for-vscode/@xpack-dev-tools/arm-none-eabi-gcc/10.3.1-2.3.1/.content/bin/../lib/gcc/arm-none-eabi/10.3.1/thumb/v7-m/nofp/crtbegin.o

.ARM.extab
 *(.ARM.extab* .gnu.linkonce.armextab.*)

.ARM            0x0000000008001e58        0x0
                0x0000000008001e58                __exidx_start = .
 *(.ARM.exidx*)
                0x0000000008001e58                __exidx_end = .

.preinit_array  0x0000000008001e58        0x0
                0x0000000008001e58                PROVIDE (__preinit_array_start = .)
 *(.preinit_array*)
                0x0000000008001e58                PROVIDE (__preinit_array_end = .)

.init_array     0x0000000008001e58        0x4
                0x0000000008001e58                PROVIDE (__init_array_start = .)
 *(SORT_BY_NAME(.init_array.*))
 *(.init_array*)
 .init_array    0x0000000008001e58        0x4 /home/callum/.config/Code/User/globalStorage/bmd.stm32-for-vscode/@xpack-dev-tools/arm-none-eabi-gcc/10.3.1-2.3.1/.content/bin/../lib/gcc/arm-none-eabi/10.3.1/thumb/v7-m/nofp/crtbegin.o
                0x0000000008001e5c                PROVIDE (__init_array_end = .)

.fini_array     0x0000000008001e5c        0x4
                [!provide]                        PROVIDE (__fini_array_start = .)
 *(SORT_BY_NAME(.fini_array.*))
 *(.fini_array*)
 .fini_array    0x0000000008001e5c        0x4 /home/callum/.config/Code/User/globalStorage/bmd.stm32-for-vscode/@xpack-dev-tools/arm-none-eabi-gcc/10.3.1-2.3.1/.content/bin/../lib/gcc/arm-none-eabi/10.3.1/thumb/v7-m/nofp/crtbegin.o
                [!provide]                        PROVIDE (__fini_array_end = .)
                0x0000000008001e60                _sidata = LOADADDR (.data)

.data           0x0000000020000000       0x1c load address 0x0000000008001e60
                0x0000000020000000                . = ALIGN (0x4)
                0x0000000020000000                _sdata = .
 *(.data)
 *(.data*)
 .data.ERR_LIST
                0x0000000020000000        0xe build/hw_i2c1.o
                0x0000000020000000                ERR_LIST
 *fill*         0x000000002000000e        0x2 
 .data.EVT_LIST
                0x0000000020000010        0x6 build/hw_i2c1.o
                0x0000000020000010                EVT_LIST
 *fill*         0x0000000020000016        0x2 
 .data.SystemCoreClock
                0x0000000020000018        0x4 build/system_stm32f1xx.o
                0x0000000020000018                SystemCoreClock
                0x000000002000001c                . = ALIGN (0x4)
                0x000000002000001c                _edata = .

.igot.plt       0x000000002000001c        0x0 load address 0x0000000008001e7c
 .igot.plt      0x000000002000001c        0x0 /home/callum/.config/Code/User/globalStorage/bmd.stm32-for-vscode/@xpack-dev-tools/arm-none-eabi-gcc/10.3.1-2.3.1/.content/bin/../lib/gcc/arm-none-eabi/10.3.1/thumb/v7-m/nofp/crtbegin.o
                0x000000002000001c                . = ALIGN (0x4)

.bss            0x000000002000001c      0x29c load address 0x0000000008001e7c
                0x000000002000001c                _sbss = .
                0x000000002000001c                __bss_start__ = _sbss
 *(.bss)
 *(.bss*)
 .bss.completed.1
                0x000000002000001c        0x1 /home/callum/.config/Code/User/globalStorage/bmd.stm32-for-vscode/@xpack-dev-tools/arm-none-eabi-gcc/10.3.1-2.3.1/.content/bin/../lib/gcc/arm-none-eabi/10.3.1/thumb/v7-m/nofp/crtbegin.o
 *fill*         0x000000002000001d        0x3 
 .bss.object.0  0x0000000020000020       0x18 /home/callum/.config/Code/User/globalStorage/bmd.stm32-for-vscode/@xpack-dev-tools/arm-none-eabi-gcc/10.3.1-2.3.1/.content/bin/../lib/gcc/arm-none-eabi/10.3.1/thumb/v7-m/nofp/crtbegin.o
 .bss.buf_rx_data
                0x0000000020000038        0xf build/drv_gpioexp.o
 *fill*         0x0000000020000047        0x1 
 .bss.buf_tx_data
                0x0000000020000048        0xf build/drv_gpioexp.o
 *fill*         0x0000000020000057        0x1 
 .bss.i2c1_err_callback
                0x0000000020000058        0x4 build/hw_i2c1.o
 .bss.i2c1_evt_callback
                0x000000002000005c        0x4 build/hw_i2c1.o
 .bss.i2c1_scl  0x0000000020000060        0xc build/hw_i2c1.o
 .bss.i2c1_sda  0x000000002000006c        0xc build/hw_i2c1.o
 .bss.idx       0x0000000020000078        0x1 build/hw_i2c1.o
 *fill*         0x0000000020000079        0x1 
 .bss.last_error
                0x000000002000007a        0x2 build/hw_i2c1.o
 .bss.last_event
                0x000000002000007c        0x1 build/hw_i2c1.o
 *fill*         0x000000002000007d        0x3 
 .bss.counter   0x0000000020000080        0x4 build/hw_systick.o
 .bss.func_ptr_count
                0x0000000020000084        0x1 build/hw_systick.o
 *fill*         0x0000000020000085        0x3 
 .bss.func_ptrs
                0x0000000020000088       0x80 build/hw_systick.o
 .bss.idx.0     0x0000000020000108        0x1 build/hw_systick.o
 *fill*         0x0000000020000109        0x1 
 .bss.sys_tick_freq_hz
                0x000000002000010a        0x2 build/hw_systick.o
 .bss.callback_cnt
                0x000000002000010c        0x1 build/mgr_hearbeat.o
 *fill*         0x000000002000010d        0x3 
 .bss.fade_vals
                0x0000000020000110       0x64 build/mgr_hearbeat.o
 .bss.gpio_led  0x0000000020000174        0xc build/mgr_hearbeat.o
 .bss.hb_pattern
                0x0000000020000180        0x4 build/mgr_hearbeat.o
 .bss.heartbeat_is_active
                0x0000000020000184        0x1 build/mgr_hearbeat.o
 *fill*         0x0000000020000185        0x1 
 .bss.heartbeat_period_ms
                0x0000000020000186        0x2 build/mgr_hearbeat.o
 .bss.pattern_snapshot
                0x0000000020000188        0x4 build/mgr_hearbeat.o
 .bss.poll_mode
                0x000000002000018c        0x1 build/mgr_hearbeat.o
 .bss.tick_per_window_cnt
                0x000000002000018d        0x1 build/mgr_hearbeat.o
 *fill*         0x000000002000018e        0x2 
 .bss.ticks_per_window
                0x0000000020000190        0x4 build/mgr_hearbeat.o
 .bss.window_cnt
                0x0000000020000194        0x1 build/mgr_hearbeat.o
 .bss.window_cnt_total
                0x0000000020000195        0x1 build/mgr_hearbeat.o
 .bss.bytes_to_recv
                0x0000000020000196        0x1 build/mgr_i2c.o
 .bss.bytes_to_send
                0x0000000020000197        0x1 build/mgr_i2c.o
 .bss.cur_state
                0x0000000020000198        0x4 build/mgr_i2c.o
 .bss.idx.0     0x000000002000019c        0x1 build/mgr_i2c.o
 .bss.last_evt  0x000000002000019d        0x1 build/mgr_i2c.o
 *fill*         0x000000002000019e        0x2 
 .bss.msg_buf   0x00000000200001a0       0x14 build/mgr_i2c.o
 .bss.msg_buf_data
                0x00000000200001b4       0xf0 build/mgr_i2c.o
 .bss.msg_cur   0x00000000200002a4       0x10 build/mgr_i2c.o
 .bss.state_executed
                0x00000000200002b4        0x1 build/mgr_i2c.o
 *(COMMON)
                0x00000000200002b8                . = ALIGN (0x4)
 *fill*         0x00000000200002b5        0x3 
                0x00000000200002b8                _ebss = .
                0x00000000200002b8                __bss_end__ = _ebss

._user_heap_stack
                0x00000000200002b8      0x600 load address 0x0000000008001e7c
                0x00000000200002b8                . = ALIGN (0x8)
                [!provide]                        PROVIDE (end = .)
                [!provide]                        PROVIDE (_end = .)
                0x00000000200004b8                . = (. + _Min_Heap_Size)
 *fill*         0x00000000200002b8      0x200 
                0x00000000200008b8                . = (. + _Min_Stack_Size)
 *fill*         0x00000000200004b8      0x400 
                0x00000000200008b8                . = ALIGN (0x8)

/DISCARD/
 libc.a(*)
 libm.a(*)
 libgcc.a(*)

.ARM.attributes
                0x0000000000000000       0x29
 *(.ARM.attributes)
 .ARM.attributes
                0x0000000000000000       0x1d /home/callum/.config/Code/User/globalStorage/bmd.stm32-for-vscode/@xpack-dev-tools/arm-none-eabi-gcc/10.3.1-2.3.1/.content/bin/../lib/gcc/arm-none-eabi/10.3.1/thumb/v7-m/nofp/crti.o
 .ARM.attributes
                0x000000000000001d       0x2d /home/callum/.config/Code/User/globalStorage/bmd.stm32-for-vscode/@xpack-dev-tools/arm-none-eabi-gcc/10.3.1-2.3.1/.content/bin/../lib/gcc/arm-none-eabi/10.3.1/thumb/v7-m/nofp/crtbegin.o
 .ARM.attributes
                0x000000000000004a       0x2d build/drv_gpioexp.o
 .ARM.attributes
                0x0000000000000077       0x2d build/hw_i2c1.o
 .ARM.attributes
                0x00000000000000a4       0x2d build/hw_stmgpio.o
 .ARM.attributes
                0x00000000000000d1       0x2d build/hw_systick.o
 .ARM.attributes
                0x00000000000000fe       0x2d build/main.o
 .ARM.attributes
                0x000000000000012b       0x2d build/mgr_hearbeat.o
 .ARM.attributes
                0x0000000000000158       0x2d build/mgr_i2c.o
 .ARM.attributes
                0x0000000000000185       0x2d build/stm32f1xx_it.o
 .ARM.attributes
                0x00000000000001b2       0x2d build/system_stm32f1xx.o
 .ARM.attributes
                0x00000000000001df       0x2d build/util_buffer.o
 .ARM.attributes
                0x000000000000020c       0x21 build/startup_stm32f103xb.o
 .ARM.attributes
                0x000000000000022d       0x2d /home/callum/.config/Code/User/globalStorage/bmd.stm32-for-vscode/@xpack-dev-tools/arm-none-eabi-gcc/10.3.1-2.3.1/.content/bin/../lib/gcc/arm-none-eabi/10.3.1/../../../../arm-none-eabi/lib/thumb/v7-m/nofp/libc_nano.a(lib_a-init.o)
 .ARM.attributes
                0x000000000000025a       0x2d /home/callum/.config/Code/User/globalStorage/bmd.stm32-for-vscode/@xpack-dev-tools/arm-none-eabi-gcc/10.3.1-2.3.1/.content/bin/../lib/gcc/arm-none-eabi/10.3.1/../../../../arm-none-eabi/lib/thumb/v7-m/nofp/libc_nano.a(lib_a-memcpy-stub.o)
 .ARM.attributes
                0x0000000000000287       0x2d /home/callum/.config/Code/User/globalStorage/bmd.stm32-for-vscode/@xpack-dev-tools/arm-none-eabi-gcc/10.3.1-2.3.1/.content/bin/../lib/gcc/arm-none-eabi/10.3.1/../../../../arm-none-eabi/lib/thumb/v7-m/nofp/libc_nano.a(lib_a-memset.o)
 .ARM.attributes
                0x00000000000002b4       0x1d /home/callum/.config/Code/User/globalStorage/bmd.stm32-for-vscode/@xpack-dev-tools/arm-none-eabi-gcc/10.3.1-2.3.1/.content/bin/../lib/gcc/arm-none-eabi/10.3.1/thumb/v7-m/nofp/libgcc.a(_arm_addsubdf3.o)
 .ARM.attributes
                0x00000000000002d1       0x1d /home/callum/.config/Code/User/globalStorage/bmd.stm32-for-vscode/@xpack-dev-tools/arm-none-eabi-gcc/10.3.1-2.3.1/.content/bin/../lib/gcc/arm-none-eabi/10.3.1/thumb/v7-m/nofp/libgcc.a(_arm_muldivdf3.o)
 .ARM.attributes
                0x00000000000002ee       0x1d /home/callum/.config/Code/User/globalStorage/bmd.stm32-for-vscode/@xpack-dev-tools/arm-none-eabi-gcc/10.3.1-2.3.1/.content/bin/../lib/gcc/arm-none-eabi/10.3.1/thumb/v7-m/nofp/libgcc.a(_arm_fixunsdfsi.o)
 .ARM.attributes
                0x000000000000030b       0x1d /home/callum/.config/Code/User/globalStorage/bmd.stm32-for-vscode/@xpack-dev-tools/arm-none-eabi-gcc/10.3.1-2.3.1/.content/bin/../lib/gcc/arm-none-eabi/10.3.1/thumb/v7-m/nofp/libgcc.a(_arm_addsubsf3.o)
 .ARM.attributes
                0x0000000000000328       0x1d /home/callum/.config/Code/User/globalStorage/bmd.stm32-for-vscode/@xpack-dev-tools/arm-none-eabi-gcc/10.3.1-2.3.1/.content/bin/../lib/gcc/arm-none-eabi/10.3.1/thumb/v7-m/nofp/libgcc.a(_arm_muldivsf3.o)
 .ARM.attributes
                0x0000000000000345       0x1d /home/callum/.config/Code/User/globalStorage/bmd.stm32-for-vscode/@xpack-dev-tools/arm-none-eabi-gcc/10.3.1-2.3.1/.content/bin/../lib/gcc/arm-none-eabi/10.3.1/thumb/v7-m/nofp/crtn.o
OUTPUT(build/OpenControllerSTM.elf elf32-littlearm)
LOAD linker stubs
LOAD /home/callum/.config/Code/User/globalStorage/bmd.stm32-for-vscode/@xpack-dev-tools/arm-none-eabi-gcc/10.3.1-2.3.1/.content/bin/../lib/gcc/arm-none-eabi/10.3.1/../../../../arm-none-eabi/lib/thumb/v7-m/nofp/libc.a
LOAD /home/callum/.config/Code/User/globalStorage/bmd.stm32-for-vscode/@xpack-dev-tools/arm-none-eabi-gcc/10.3.1-2.3.1/.content/bin/../lib/gcc/arm-none-eabi/10.3.1/../../../../arm-none-eabi/lib/thumb/v7-m/nofp/libm.a
LOAD /home/callum/.config/Code/User/globalStorage/bmd.stm32-for-vscode/@xpack-dev-tools/arm-none-eabi-gcc/10.3.1-2.3.1/.content/bin/../lib/gcc/arm-none-eabi/10.3.1/thumb/v7-m/nofp/libgcc.a

.comment        0x0000000000000000       0x43
 .comment       0x0000000000000000       0x43 /home/callum/.config/Code/User/globalStorage/bmd.stm32-for-vscode/@xpack-dev-tools/arm-none-eabi-gcc/10.3.1-2.3.1/.content/bin/../lib/gcc/arm-none-eabi/10.3.1/thumb/v7-m/nofp/crtbegin.o
                                         0x44 (size before relaxing)
 .comment       0x0000000000000043       0x44 build/drv_gpioexp.o
 .comment       0x0000000000000043       0x44 build/hw_i2c1.o
 .comment       0x0000000000000043       0x44 build/hw_stmgpio.o
 .comment       0x0000000000000043       0x44 build/hw_systick.o
 .comment       0x0000000000000043       0x44 build/main.o
 .comment       0x0000000000000043       0x44 build/mgr_hearbeat.o
 .comment       0x0000000000000043       0x44 build/mgr_i2c.o
 .comment       0x0000000000000043       0x44 build/stm32f1xx_it.o
 .comment       0x0000000000000043       0x44 build/system_stm32f1xx.o
 .comment       0x0000000000000043       0x44 build/util_buffer.o
 .comment       0x0000000000000043       0x44 /home/callum/.config/Code/User/globalStorage/bmd.stm32-for-vscode/@xpack-dev-tools/arm-none-eabi-gcc/10.3.1-2.3.1/.content/bin/../lib/gcc/arm-none-eabi/10.3.1/../../../../arm-none-eabi/lib/thumb/v7-m/nofp/libc_nano.a(lib_a-init.o)
 .comment       0x0000000000000043       0x44 /home/callum/.config/Code/User/globalStorage/bmd.stm32-for-vscode/@xpack-dev-tools/arm-none-eabi-gcc/10.3.1-2.3.1/.content/bin/../lib/gcc/arm-none-eabi/10.3.1/../../../../arm-none-eabi/lib/thumb/v7-m/nofp/libc_nano.a(lib_a-memcpy-stub.o)
 .comment       0x0000000000000043       0x44 /home/callum/.config/Code/User/globalStorage/bmd.stm32-for-vscode/@xpack-dev-tools/arm-none-eabi-gcc/10.3.1-2.3.1/.content/bin/../lib/gcc/arm-none-eabi/10.3.1/../../../../arm-none-eabi/lib/thumb/v7-m/nofp/libc_nano.a(lib_a-memset.o)

.debug_info     0x0000000000000000     0x377d
 .debug_info    0x0000000000000000      0x204 build/drv_gpioexp.o
 .debug_info    0x0000000000000204      0xd82 build/hw_i2c1.o
 .debug_info    0x0000000000000f86      0x4ad build/hw_stmgpio.o
 .debug_info    0x0000000000001433      0x889 build/hw_systick.o
 .debug_info    0x0000000000001cbc      0x3ee build/main.o
 .debug_info    0x00000000000020aa      0x78c build/mgr_hearbeat.o
 .debug_info    0x0000000000002836      0x766 build/mgr_i2c.o
 .debug_info    0x0000000000002f9c      0x11f build/stm32f1xx_it.o
 .debug_info    0x00000000000030bb      0x241 build/system_stm32f1xx.o
 .debug_info    0x00000000000032fc      0x45f build/util_buffer.o
 .debug_info    0x000000000000375b       0x22 build/startup_stm32f103xb.o

.debug_abbrev   0x0000000000000000     0x10fb
 .debug_abbrev  0x0000000000000000      0x12c build/drv_gpioexp.o
 .debug_abbrev  0x000000000000012c      0x2d6 build/hw_i2c1.o
 .debug_abbrev  0x0000000000000402      0x1a0 build/hw_stmgpio.o
 .debug_abbrev  0x00000000000005a2      0x2a4 build/hw_systick.o
 .debug_abbrev  0x0000000000000846      0x181 build/main.o
 .debug_abbrev  0x00000000000009c7      0x21b build/mgr_hearbeat.o
 .debug_abbrev  0x0000000000000be2      0x22f build/mgr_i2c.o
 .debug_abbrev  0x0000000000000e11       0x7e build/stm32f1xx_it.o
 .debug_abbrev  0x0000000000000e8f      0x13e build/system_stm32f1xx.o
 .debug_abbrev  0x0000000000000fcd      0x11c build/util_buffer.o
 .debug_abbrev  0x00000000000010e9       0x12 build/startup_stm32f103xb.o

.debug_loc      0x0000000000000000      0xe73
 .debug_loc     0x0000000000000000       0x25 build/drv_gpioexp.o
 .debug_loc     0x0000000000000025      0x190 build/hw_i2c1.o
 .debug_loc     0x00000000000001b5      0x27f build/hw_stmgpio.o
 .debug_loc     0x0000000000000434      0x144 build/hw_systick.o
 .debug_loc     0x0000000000000578      0x152 build/mgr_hearbeat.o
 .debug_loc     0x00000000000006ca      0x18c build/mgr_i2c.o
 .debug_loc     0x0000000000000856       0xff build/system_stm32f1xx.o
 .debug_loc     0x0000000000000955      0x51e build/util_buffer.o

.debug_aranges  0x0000000000000000      0x3a8
 .debug_aranges
                0x0000000000000000       0x30 build/drv_gpioexp.o
 .debug_aranges
                0x0000000000000030       0xa8 build/hw_i2c1.o
 .debug_aranges
                0x00000000000000d8       0x38 build/hw_stmgpio.o
 .debug_aranges
                0x0000000000000110       0x68 build/hw_systick.o
 .debug_aranges
                0x0000000000000178       0x30 build/main.o
 .debug_aranges
                0x00000000000001a8       0x70 build/mgr_hearbeat.o
 .debug_aranges
                0x0000000000000218       0x98 build/mgr_i2c.o
 .debug_aranges
                0x00000000000002b0       0x50 build/stm32f1xx_it.o
 .debug_aranges
                0x0000000000000300       0x28 build/system_stm32f1xx.o
 .debug_aranges
                0x0000000000000328       0x58 build/util_buffer.o
 .debug_aranges
                0x0000000000000380       0x28 build/startup_stm32f103xb.o

.debug_ranges   0x0000000000000000      0x300
 .debug_ranges  0x0000000000000000       0x20 build/drv_gpioexp.o
 .debug_ranges  0x0000000000000020       0x98 build/hw_i2c1.o
 .debug_ranges  0x00000000000000b8       0x28 build/hw_stmgpio.o
 .debug_ranges  0x00000000000000e0       0x58 build/hw_systick.o
 .debug_ranges  0x0000000000000138       0x20 build/main.o
 .debug_ranges  0x0000000000000158       0x60 build/mgr_hearbeat.o
 .debug_ranges  0x00000000000001b8       0x88 build/mgr_i2c.o
 .debug_ranges  0x0000000000000240       0x40 build/stm32f1xx_it.o
 .debug_ranges  0x0000000000000280       0x18 build/system_stm32f1xx.o
 .debug_ranges  0x0000000000000298       0x48 build/util_buffer.o
 .debug_ranges  0x00000000000002e0       0x20 build/startup_stm32f103xb.o

.debug_line     0x0000000000000000     0x2b01
 .debug_line    0x0000000000000000      0x22c build/drv_gpioexp.o
 .debug_line    0x000000000000022c      0x799 build/hw_i2c1.o
 .debug_line    0x00000000000009c5      0x432 build/hw_stmgpio.o
 .debug_line    0x0000000000000df7      0x478 build/hw_systick.o
 .debug_line    0x000000000000126f      0x404 build/main.o
 .debug_line    0x0000000000001673      0x55b build/mgr_hearbeat.o
 .debug_line    0x0000000000001bce      0x618 build/mgr_i2c.o
 .debug_line    0x00000000000021e6      0x24d build/stm32f1xx_it.o
 .debug_line    0x0000000000002433      0x2ba build/system_stm32f1xx.o
 .debug_line    0x00000000000026ed      0x398 build/util_buffer.o
 .debug_line    0x0000000000002a85       0x7c build/startup_stm32f103xb.o

.debug_str      0x0000000000000000     0x1444
 .debug_str     0x0000000000000000      0x1e6 build/drv_gpioexp.o
                                        0x227 (size before relaxing)
 .debug_str     0x00000000000001e6      0x851 build/hw_i2c1.o
                                        0xa19 (size before relaxing)
 .debug_str     0x0000000000000a37       0x8b build/hw_stmgpio.o
                                        0x3df (size before relaxing)
 .debug_str     0x0000000000000ac2      0x1d5 build/hw_systick.o
                                        0x730 (size before relaxing)
 .debug_str     0x0000000000000c97      0x1c3 build/main.o
                                        0x3c8 (size before relaxing)
 .debug_str     0x0000000000000e5a      0x16c build/mgr_hearbeat.o
                                        0x68d (size before relaxing)
 .debug_str     0x0000000000000fc6      0x2bc build/mgr_i2c.o
                                        0x5c3 (size before relaxing)
 .debug_str     0x0000000000001282       0x86 build/stm32f1xx_it.o
                                        0x1ed (size before relaxing)
 .debug_str     0x0000000000001308       0x5b build/system_stm32f1xx.o
                                        0x228 (size before relaxing)
 .debug_str     0x0000000000001363       0xb6 build/util_buffer.o
                                        0x276 (size before relaxing)
 .debug_str     0x0000000000001419       0x2b build/startup_stm32f103xb.o
                                         0x56 (size before relaxing)

.debug_frame    0x0000000000000000      0x75c
 .debug_frame   0x0000000000000000       0x54 build/drv_gpioexp.o
 .debug_frame   0x0000000000000054      0x158 build/hw_i2c1.o
 .debug_frame   0x00000000000001ac       0x58 build/hw_stmgpio.o
 .debug_frame   0x0000000000000204       0xd0 build/hw_systick.o
 .debug_frame   0x00000000000002d4       0x50 build/main.o
 .debug_frame   0x0000000000000324       0xfc build/mgr_hearbeat.o
 .debug_frame   0x0000000000000420      0x180 build/mgr_i2c.o
 .debug_frame   0x00000000000005a0       0x80 build/stm32f1xx_it.o
 .debug_frame   0x0000000000000620       0x30 build/system_stm32f1xx.o
 .debug_frame   0x0000000000000650      0x10c build/util_buffer.o

Cross Reference Table

Symbol                                            File
ADC1_2_IRQHandler                                 build/startup_stm32f103xb.o
AHBPrescTable                                     build/system_stm32f1xx.o
APBPrescTable                                     build/system_stm32f1xx.o
BusFault_Handler                                  build/stm32f1xx_it.o
CAN1_RX1_IRQHandler                               build/startup_stm32f103xb.o
CAN1_SCE_IRQHandler                               build/startup_stm32f103xb.o
DMA1_Channel1_IRQHandler                          build/startup_stm32f103xb.o
DMA1_Channel2_IRQHandler                          build/startup_stm32f103xb.o
DMA1_Channel3_IRQHandler                          build/startup_stm32f103xb.o
DMA1_Channel4_IRQHandler                          build/startup_stm32f103xb.o
DMA1_Channel5_IRQHandler                          build/startup_stm32f103xb.o
DMA1_Channel6_IRQHandler                          build/startup_stm32f103xb.o
DMA1_Channel7_IRQHandler                          build/startup_stm32f103xb.o
DebugMon_Handler                                  build/stm32f1xx_it.o
Default_Handler                                   build/startup_stm32f103xb.o
ERR_LIST                                          build/hw_i2c1.o
EVT_LIST                                          build/hw_i2c1.o
EXTI0_IRQHandler                                  build/startup_stm32f103xb.o
EXTI15_10_IRQHandler                              build/startup_stm32f103xb.o
EXTI1_IRQHandler                                  build/startup_stm32f103xb.o
EXTI2_IRQHandler                                  build/startup_stm32f103xb.o
EXTI3_IRQHandler                                  build/startup_stm32f103xb.o
EXTI4_IRQHandler                                  build/startup_stm32f103xb.o
EXTI9_5_IRQHandler                                build/startup_stm32f103xb.o
Error_Handler                                     build/main.o
FLASH_IRQHandler                                  build/startup_stm32f103xb.o
HardFault_Handler                                 build/stm32f1xx_it.o
I2C1_ER_IRQHandler                                build/hw_i2c1.o
I2C1_EV_IRQHandler                                build/hw_i2c1.o
I2C2_ER_IRQHandler                                build/startup_stm32f103xb.o
I2C2_EV_IRQHandler                                build/startup_stm32f103xb.o
MX_ADC1_Init                                      build/hw_adc1.o
MX_CRC_Init                                       build/hw_crc.o
MX_SPI2_Init                                      build/hw_spi2.o
MX_USART1_UART_Init                               build/hw_usart1.o
MemManage_Handler                                 build/startup_stm32f103xb.o
NMI_Handler                                       build/stm32f1xx_it.o
PORT_A_PINS                                       build/hw_stmgpio.o
PORT_B_PINS                                       build/hw_stmgpio.o
PORT_C_PINS                                       build/hw_stmgpio.o
PORT_D_PINS                                       build/hw_stmgpio.o
PVD_IRQHandler                                    build/startup_stm32f103xb.o
PendSV_Handler                                    build/stm32f1xx_it.o
RCC_IRQHandler                                    build/startup_stm32f103xb.o
RTC_Alarm_IRQHandler                              build/startup_stm32f103xb.o
RTC_IRQHandler                                    build/startup_stm32f103xb.o
Reset_Handler                                     build/startup_stm32f103xb.o
SPI1_IRQHandler                                   build/startup_stm32f103xb.o
SPI2_IRQHandler                                   build/startup_stm32f103xb.o
SVC_Handler                                       build/stm32f1xx_it.o
SysTick_Handler                                   build/hw_systick.o
SystemCoreClock                                   build/system_stm32f1xx.o
                                                  build/hw_systick.o
SystemCoreClockUpdate                             build/system_stm32f1xx.o
                                                  build/main.o
                                                  build/hw_systick.o
SystemInit                                        build/system_stm32f1xx.o
                                                  build/startup_stm32f103xb.o
TAMPER_IRQHandler                                 build/startup_stm32f103xb.o
TIM1_BRK_IRQHandler                               build/startup_stm32f103xb.o
TIM1_CC_IRQHandler                                build/startup_stm32f103xb.o
TIM1_TRG_COM_IRQHandler                           build/startup_stm32f103xb.o
TIM1_UP_IRQHandler                                build/startup_stm32f103xb.o
TIM2_IRQHandler                                   build/startup_stm32f103xb.o
TIM3_IRQHandler                                   build/startup_stm32f103xb.o
TIM4_IRQHandler                                   build/startup_stm32f103xb.o
USART1_IRQHandler                                 build/startup_stm32f103xb.o
USART2_IRQHandler                                 build/startup_stm32f103xb.o
USART3_IRQHandler                                 build/startup_stm32f103xb.o
USBWakeUp_IRQHandler                              build/startup_stm32f103xb.o
USB_HP_CAN1_TX_IRQHandler                         build/startup_stm32f103xb.o
USB_LP_CAN1_RX0_IRQHandler                        build/startup_stm32f103xb.o
UsageFault_Handler                                build/stm32f1xx_it.o
WWDG_IRQHandler                                   build/startup_stm32f103xb.o
__adddf3                                          /home/callum/.config/Code/User/globalStorage/bmd.stm32-for-vscode/@xpack-dev-tools/arm-none-eabi-gcc/10.3.1-2.3.1/.content/bin/../lib/gcc/arm-none-eabi/10.3.1/thumb/v7-m/nofp/libgcc.a(_arm_addsubdf3.o)
__addsf3                                          /home/callum/.config/Code/User/globalStorage/bmd.stm32-for-vscode/@xpack-dev-tools/arm-none-eabi-gcc/10.3.1-2.3.1/.content/bin/../lib/gcc/arm-none-eabi/10.3.1/thumb/v7-m/nofp/libgcc.a(_arm_addsubsf3.o)
__aeabi_d2uiz                                     /home/callum/.config/Code/User/globalStorage/bmd.stm32-for-vscode/@xpack-dev-tools/arm-none-eabi-gcc/10.3.1-2.3.1/.content/bin/../lib/gcc/arm-none-eabi/10.3.1/thumb/v7-m/nofp/libgcc.a(_arm_fixunsdfsi.o)
                                                  build/mgr_hearbeat.o
                                                  build/hw_systick.o
__aeabi_dadd                                      /home/callum/.config/Code/User/globalStorage/bmd.stm32-for-vscode/@xpack-dev-tools/arm-none-eabi-gcc/10.3.1-2.3.1/.content/bin/../lib/gcc/arm-none-eabi/10.3.1/thumb/v7-m/nofp/libgcc.a(_arm_addsubdf3.o)
                                                  build/mgr_hearbeat.o
__aeabi_ddiv                                      /home/callum/.config/Code/User/globalStorage/bmd.stm32-for-vscode/@xpack-dev-tools/arm-none-eabi-gcc/10.3.1-2.3.1/.content/bin/../lib/gcc/arm-none-eabi/10.3.1/thumb/v7-m/nofp/libgcc.a(_arm_muldivdf3.o)
                                                  build/mgr_hearbeat.o
                                                  build/hw_systick.o
__aeabi_dmul                                      /home/callum/.config/Code/User/globalStorage/bmd.stm32-for-vscode/@xpack-dev-tools/arm-none-eabi-gcc/10.3.1-2.3.1/.content/bin/../lib/gcc/arm-none-eabi/10.3.1/thumb/v7-m/nofp/libgcc.a(_arm_muldivdf3.o)
                                                  /home/callum/.config/Code/User/globalStorage/bmd.stm32-for-vscode/@xpack-dev-tools/arm-none-eabi-gcc/10.3.1-2.3.1/.content/bin/../lib/gcc/arm-none-eabi/10.3.1/thumb/v7-m/nofp/libgcc.a(_arm_muldf3.o)
                                                  build/mgr_hearbeat.o
                                                  build/hw_systick.o
__aeabi_drsub                                     /home/callum/.config/Code/User/globalStorage/bmd.stm32-for-vscode/@xpack-dev-tools/arm-none-eabi-gcc/10.3.1-2.3.1/.content/bin/../lib/gcc/arm-none-eabi/10.3.1/thumb/v7-m/nofp/libgcc.a(_arm_addsubdf3.o)
__aeabi_dsub                                      /home/callum/.config/Code/User/globalStorage/bmd.stm32-for-vscode/@xpack-dev-tools/arm-none-eabi-gcc/10.3.1-2.3.1/.content/bin/../lib/gcc/arm-none-eabi/10.3.1/thumb/v7-m/nofp/libgcc.a(_arm_addsubdf3.o)
__aeabi_f2d                                       /home/callum/.config/Code/User/globalStorage/bmd.stm32-for-vscode/@xpack-dev-tools/arm-none-eabi-gcc/10.3.1-2.3.1/.content/bin/../lib/gcc/arm-none-eabi/10.3.1/thumb/v7-m/nofp/libgcc.a(_arm_addsubdf3.o)
                                                  build/mgr_hearbeat.o
                                                  build/hw_systick.o
__aeabi_fadd                                      /home/callum/.config/Code/User/globalStorage/bmd.stm32-for-vscode/@xpack-dev-tools/arm-none-eabi-gcc/10.3.1-2.3.1/.content/bin/../lib/gcc/arm-none-eabi/10.3.1/thumb/v7-m/nofp/libgcc.a(_arm_addsubsf3.o)
__aeabi_fdiv                                      /home/callum/.config/Code/User/globalStorage/bmd.stm32-for-vscode/@xpack-dev-tools/arm-none-eabi-gcc/10.3.1-2.3.1/.content/bin/../lib/gcc/arm-none-eabi/10.3.1/thumb/v7-m/nofp/libgcc.a(_arm_muldivsf3.o)
                                                  build/mgr_hearbeat.o
__aeabi_fmul                                      /home/callum/.config/Code/User/globalStorage/bmd.stm32-for-vscode/@xpack-dev-tools/arm-none-eabi-gcc/10.3.1-2.3.1/.content/bin/../lib/gcc/arm-none-eabi/10.3.1/thumb/v7-m/nofp/libgcc.a(_arm_muldivsf3.o)
                                                  /home/callum/.config/Code/User/globalStorage/bmd.stm32-for-vscode/@xpack-dev-tools/arm-none-eabi-gcc/10.3.1-2.3.1/.content/bin/../lib/gcc/arm-none-eabi/10.3.1/thumb/v7-m/nofp/libgcc.a(_arm_mulsf3.o)
                                                  build/mgr_hearbeat.o
__aeabi_frsub                                     /home/callum/.config/Code/User/globalStorage/bmd.stm32-for-vscode/@xpack-dev-tools/arm-none-eabi-gcc/10.3.1-2.3.1/.content/bin/../lib/gcc/arm-none-eabi/10.3.1/thumb/v7-m/nofp/libgcc.a(_arm_addsubsf3.o)
__aeabi_fsub                                      /home/callum/.config/Code/User/globalStorage/bmd.stm32-for-vscode/@xpack-dev-tools/arm-none-eabi-gcc/10.3.1-2.3.1/.content/bin/../lib/gcc/arm-none-eabi/10.3.1/thumb/v7-m/nofp/libgcc.a(_arm_addsubsf3.o)
__aeabi_i2d                                       /home/callum/.config/Code/User/globalStorage/bmd.stm32-for-vscode/@xpack-dev-tools/arm-none-eabi-gcc/10.3.1-2.3.1/.content/bin/../lib/gcc/arm-none-eabi/10.3.1/thumb/v7-m/nofp/libgcc.a(_arm_addsubdf3.o)
__aeabi_i2f                                       /home/callum/.config/Code/User/globalStorage/bmd.stm32-for-vscode/@xpack-dev-tools/arm-none-eabi-gcc/10.3.1-2.3.1/.content/bin/../lib/gcc/arm-none-eabi/10.3.1/thumb/v7-m/nofp/libgcc.a(_arm_addsubsf3.o)
__aeabi_l2d                                       /home/callum/.config/Code/User/globalStorage/bmd.stm32-for-vscode/@xpack-dev-tools/arm-none-eabi-gcc/10.3.1-2.3.1/.content/bin/../lib/gcc/arm-none-eabi/10.3.1/thumb/v7-m/nofp/libgcc.a(_arm_addsubdf3.o)
__aeabi_l2f                                       /home/callum/.config/Code/User/globalStorage/bmd.stm32-for-vscode/@xpack-dev-tools/arm-none-eabi-gcc/10.3.1-2.3.1/.content/bin/../lib/gcc/arm-none-eabi/10.3.1/thumb/v7-m/nofp/libgcc.a(_arm_addsubsf3.o)
__aeabi_ui2d                                      /home/callum/.config/Code/User/globalStorage/bmd.stm32-for-vscode/@xpack-dev-tools/arm-none-eabi-gcc/10.3.1-2.3.1/.content/bin/../lib/gcc/arm-none-eabi/10.3.1/thumb/v7-m/nofp/libgcc.a(_arm_addsubdf3.o)
__aeabi_ui2f                                      /home/callum/.config/Code/User/globalStorage/bmd.stm32-for-vscode/@xpack-dev-tools/arm-none-eabi-gcc/10.3.1-2.3.1/.content/bin/../lib/gcc/arm-none-eabi/10.3.1/thumb/v7-m/nofp/libgcc.a(_arm_addsubsf3.o)
                                                  build/mgr_hearbeat.o
                                                  build/hw_systick.o
__aeabi_ul2d                                      /home/callum/.config/Code/User/globalStorage/bmd.stm32-for-vscode/@xpack-dev-tools/arm-none-eabi-gcc/10.3.1-2.3.1/.content/bin/../lib/gcc/arm-none-eabi/10.3.1/thumb/v7-m/nofp/libgcc.a(_arm_addsubdf3.o)
__aeabi_ul2f                                      /home/callum/.config/Code/User/globalStorage/bmd.stm32-for-vscode/@xpack-dev-tools/arm-none-eabi-gcc/10.3.1-2.3.1/.content/bin/../lib/gcc/arm-none-eabi/10.3.1/thumb/v7-m/nofp/libgcc.a(_arm_addsubsf3.o)
__bss_end__                                       /home/callum/.config/Code/User/globalStorage/bmd.stm32-for-vscode/@xpack-dev-tools/arm-none-eabi-gcc/10.3.1-2.3.1/.content/bin/../lib/gcc/arm-none-eabi/10.3.1/../../../../arm-none-eabi/lib/thumb/v7-m/nofp/crt0.o
__bss_start__                                     /home/callum/.config/Code/User/globalStorage/bmd.stm32-for-vscode/@xpack-dev-tools/arm-none-eabi-gcc/10.3.1-2.3.1/.content/bin/../lib/gcc/arm-none-eabi/10.3.1/../../../../arm-none-eabi/lib/thumb/v7-m/nofp/crt0.o
__call_exitprocs                                  /home/callum/.config/Code/User/globalStorage/bmd.stm32-for-vscode/@xpack-dev-tools/arm-none-eabi-gcc/10.3.1-2.3.1/.content/bin/../lib/gcc/arm-none-eabi/10.3.1/../../../../arm-none-eabi/lib/thumb/v7-m/nofp/libc_nano.a(lib_a-exit.o)
__deregister_frame_info                           /home/callum/.config/Code/User/globalStorage/bmd.stm32-for-vscode/@xpack-dev-tools/arm-none-eabi-gcc/10.3.1-2.3.1/.content/bin/../lib/gcc/arm-none-eabi/10.3.1/thumb/v7-m/nofp/crtbegin.o
__divdf3                                          /home/callum/.config/Code/User/globalStorage/bmd.stm32-for-vscode/@xpack-dev-tools/arm-none-eabi-gcc/10.3.1-2.3.1/.content/bin/../lib/gcc/arm-none-eabi/10.3.1/thumb/v7-m/nofp/libgcc.a(_arm_muldivdf3.o)
__divsf3                                          /home/callum/.config/Code/User/globalStorage/bmd.stm32-for-vscode/@xpack-dev-tools/arm-none-eabi-gcc/10.3.1-2.3.1/.content/bin/../lib/gcc/arm-none-eabi/10.3.1/thumb/v7-m/nofp/libgcc.a(_arm_muldivsf3.o)
__dso_handle                                      /home/callum/.config/Code/User/globalStorage/bmd.stm32-for-vscode/@xpack-dev-tools/arm-none-eabi-gcc/10.3.1-2.3.1/.content/bin/../lib/gcc/arm-none-eabi/10.3.1/thumb/v7-m/nofp/crtbegin.o
__extendsfdf2                                     /home/callum/.config/Code/User/globalStorage/bmd.stm32-for-vscode/@xpack-dev-tools/arm-none-eabi-gcc/10.3.1-2.3.1/.content/bin/../lib/gcc/arm-none-eabi/10.3.1/thumb/v7-m/nofp/libgcc.a(_arm_addsubdf3.o)
__fixunsdfsi                                      /home/callum/.config/Code/User/globalStorage/bmd.stm32-for-vscode/@xpack-dev-tools/arm-none-eabi-gcc/10.3.1-2.3.1/.content/bin/../lib/gcc/arm-none-eabi/10.3.1/thumb/v7-m/nofp/libgcc.a(_arm_fixunsdfsi.o)
__floatdidf                                       /home/callum/.config/Code/User/globalStorage/bmd.stm32-for-vscode/@xpack-dev-tools/arm-none-eabi-gcc/10.3.1-2.3.1/.content/bin/../lib/gcc/arm-none-eabi/10.3.1/thumb/v7-m/nofp/libgcc.a(_arm_addsubdf3.o)
__floatdisf                                       /home/callum/.config/Code/User/globalStorage/bmd.stm32-for-vscode/@xpack-dev-tools/arm-none-eabi-gcc/10.3.1-2.3.1/.content/bin/../lib/gcc/arm-none-eabi/10.3.1/thumb/v7-m/nofp/libgcc.a(_arm_addsubsf3.o)
__floatsidf                                       /home/callum/.config/Code/User/globalStorage/bmd.stm32-for-vscode/@xpack-dev-tools/arm-none-eabi-gcc/10.3.1-2.3.1/.content/bin/../lib/gcc/arm-none-eabi/10.3.1/thumb/v7-m/nofp/libgcc.a(_arm_addsubdf3.o)
__floatsisf                                       /home/callum/.config/Code/User/globalStorage/bmd.stm32-for-vscode/@xpack-dev-tools/arm-none-eabi-gcc/10.3.1-2.3.1/.content/bin/../lib/gcc/arm-none-eabi/10.3.1/thumb/v7-m/nofp/libgcc.a(_arm_addsubsf3.o)
__floatundidf                                     /home/callum/.config/Code/User/globalStorage/bmd.stm32-for-vscode/@xpack-dev-tools/arm-none-eabi-gcc/10.3.1-2.3.1/.content/bin/../lib/gcc/arm-none-eabi/10.3.1/thumb/v7-m/nofp/libgcc.a(_arm_addsubdf3.o)
__floatundisf                                     /home/callum/.config/Code/User/globalStorage/bmd.stm32-for-vscode/@xpack-dev-tools/arm-none-eabi-gcc/10.3.1-2.3.1/.content/bin/../lib/gcc/arm-none-eabi/10.3.1/thumb/v7-m/nofp/libgcc.a(_arm_addsubsf3.o)
__floatunsidf                                     /home/callum/.config/Code/User/globalStorage/bmd.stm32-for-vscode/@xpack-dev-tools/arm-none-eabi-gcc/10.3.1-2.3.1/.content/bin/../lib/gcc/arm-none-eabi/10.3.1/thumb/v7-m/nofp/libgcc.a(_arm_addsubdf3.o)
__floatunsisf                                     /home/callum/.config/Code/User/globalStorage/bmd.stm32-for-vscode/@xpack-dev-tools/arm-none-eabi-gcc/10.3.1-2.3.1/.content/bin/../lib/gcc/arm-none-eabi/10.3.1/thumb/v7-m/nofp/libgcc.a(_arm_addsubsf3.o)
__init_array_end                                  /home/callum/.config/Code/User/globalStorage/bmd.stm32-for-vscode/@xpack-dev-tools/arm-none-eabi-gcc/10.3.1-2.3.1/.content/bin/../lib/gcc/arm-none-eabi/10.3.1/../../../../arm-none-eabi/lib/thumb/v7-m/nofp/libc_nano.a(lib_a-init.o)
__init_array_start                                /home/callum/.config/Code/User/globalStorage/bmd.stm32-for-vscode/@xpack-dev-tools/arm-none-eabi-gcc/10.3.1-2.3.1/.content/bin/../lib/gcc/arm-none-eabi/10.3.1/../../../../arm-none-eabi/lib/thumb/v7-m/nofp/libc_nano.a(lib_a-init.o)
__libc_fini_array                                 /home/callum/.config/Code/User/globalStorage/bmd.stm32-for-vscode/@xpack-dev-tools/arm-none-eabi-gcc/10.3.1-2.3.1/.content/bin/../lib/gcc/arm-none-eabi/10.3.1/../../../../arm-none-eabi/lib/thumb/v7-m/nofp/crt0.o
__libc_init_array                                 /home/callum/.config/Code/User/globalStorage/bmd.stm32-for-vscode/@xpack-dev-tools/arm-none-eabi-gcc/10.3.1-2.3.1/.content/bin/../lib/gcc/arm-none-eabi/10.3.1/../../../../arm-none-eabi/lib/thumb/v7-m/nofp/libc_nano.a(lib_a-init.o)
                                                  build/startup_stm32f103xb.o
                                                  /home/callum/.config/Code/User/globalStorage/bmd.stm32-for-vscode/@xpack-dev-tools/arm-none-eabi-gcc/10.3.1-2.3.1/.content/bin/../lib/gcc/arm-none-eabi/10.3.1/../../../../arm-none-eabi/lib/thumb/v7-m/nofp/crt0.o
__muldf3                                          /home/callum/.config/Code/User/globalStorage/bmd.stm32-for-vscode/@xpack-dev-tools/arm-none-eabi-gcc/10.3.1-2.3.1/.content/bin/../lib/gcc/arm-none-eabi/10.3.1/thumb/v7-m/nofp/libgcc.a(_arm_muldivdf3.o)
                                                  /home/callum/.config/Code/User/globalStorage/bmd.stm32-for-vscode/@xpack-dev-tools/arm-none-eabi-gcc/10.3.1-2.3.1/.content/bin/../lib/gcc/arm-none-eabi/10.3.1/thumb/v7-m/nofp/libgcc.a(_arm_muldf3.o)
__mulsf3                                          /home/callum/.config/Code/User/globalStorage/bmd.stm32-for-vscode/@xpack-dev-tools/arm-none-eabi-gcc/10.3.1-2.3.1/.content/bin/../lib/gcc/arm-none-eabi/10.3.1/thumb/v7-m/nofp/libgcc.a(_arm_muldivsf3.o)
                                                  /home/callum/.config/Code/User/globalStorage/bmd.stm32-for-vscode/@xpack-dev-tools/arm-none-eabi-gcc/10.3.1-2.3.1/.content/bin/../lib/gcc/arm-none-eabi/10.3.1/thumb/v7-m/nofp/libgcc.a(_arm_mulsf3.o)
__preinit_array_end                               /home/callum/.config/Code/User/globalStorage/bmd.stm32-for-vscode/@xpack-dev-tools/arm-none-eabi-gcc/10.3.1-2.3.1/.content/bin/../lib/gcc/arm-none-eabi/10.3.1/../../../../arm-none-eabi/lib/thumb/v7-m/nofp/libc_nano.a(lib_a-init.o)
__preinit_array_start                             /home/callum/.config/Code/User/globalStorage/bmd.stm32-for-vscode/@xpack-dev-tools/arm-none-eabi-gcc/10.3.1-2.3.1/.content/bin/../lib/gcc/arm-none-eabi/10.3.1/../../../../arm-none-eabi/lib/thumb/v7-m/nofp/libc_nano.a(lib_a-init.o)
__register_frame_info                             /home/callum/.config/Code/User/globalStorage/bmd.stm32-for-vscode/@xpack-dev-tools/arm-none-eabi-gcc/10.3.1-2.3.1/.content/bin/../lib/gcc/arm-none-eabi/10.3.1/thumb/v7-m/nofp/crtbegin.o
__sf_fake_stderr                                  /home/callum/.config/Code/User/globalStorage/bmd.stm32-for-vscode/@xpack-dev-tools/arm-none-eabi-gcc/10.3.1-2.3.1/.content/bin/../lib/gcc/arm-none-eabi/10.3.1/../../../../arm-none-eabi/lib/thumb/v7-m/nofp/libc_nano.a(lib_a-impure.o)
__sf_fake_stdin                                   /home/callum/.config/Code/User/globalStorage/bmd.stm32-for-vscode/@xpack-dev-tools/arm-none-eabi-gcc/10.3.1-2.3.1/.content/bin/../lib/gcc/arm-none-eabi/10.3.1/../../../../arm-none-eabi/lib/thumb/v7-m/nofp/libc_nano.a(lib_a-impure.o)
__sf_fake_stdout                                  /home/callum/.config/Code/User/globalStorage/bmd.stm32-for-vscode/@xpack-dev-tools/arm-none-eabi-gcc/10.3.1-2.3.1/.content/bin/../lib/gcc/arm-none-eabi/10.3.1/../../../../arm-none-eabi/lib/thumb/v7-m/nofp/libc_nano.a(lib_a-impure.o)
__stack                                           /home/callum/.config/Code/User/globalStorage/bmd.stm32-for-vscode/@xpack-dev-tools/arm-none-eabi-gcc/10.3.1-2.3.1/.content/bin/../lib/gcc/arm-none-eabi/10.3.1/../../../../arm-none-eabi/lib/thumb/v7-m/nofp/crt0.o
__subdf3                                          /home/callum/.config/Code/User/globalStorage/bmd.stm32-for-vscode/@xpack-dev-tools/arm-none-eabi-gcc/10.3.1-2.3.1/.content/bin/../lib/gcc/arm-none-eabi/10.3.1/thumb/v7-m/nofp/libgcc.a(_arm_addsubdf3.o)
__subsf3                                          /home/callum/.config/Code/User/globalStorage/bmd.stm32-for-vscode/@xpack-dev-tools/arm-none-eabi-gcc/10.3.1-2.3.1/.content/bin/../lib/gcc/arm-none-eabi/10.3.1/thumb/v7-m/nofp/libgcc.a(_arm_addsubsf3.o)
_ebss                                             build/startup_stm32f103xb.o
_edata                                            build/startup_stm32f103xb.o
_estack                                           build/startup_stm32f103xb.o
_exit                                             /home/callum/.config/Code/User/globalStorage/bmd.stm32-for-vscode/@xpack-dev-tools/arm-none-eabi-gcc/10.3.1-2.3.1/.content/bin/../lib/gcc/arm-none-eabi/10.3.1/../../../../arm-none-eabi/lib/thumb/v7-m/nofp/libnosys.a(_exit.o)
                                                  /home/callum/.config/Code/User/globalStorage/bmd.stm32-for-vscode/@xpack-dev-tools/arm-none-eabi-gcc/10.3.1-2.3.1/.content/bin/../lib/gcc/arm-none-eabi/10.3.1/../../../../arm-none-eabi/lib/thumb/v7-m/nofp/libc_nano.a(lib_a-exit.o)
_fini                                             /home/callum/.config/Code/User/globalStorage/bmd.stm32-for-vscode/@xpack-dev-tools/arm-none-eabi-gcc/10.3.1-2.3.1/.content/bin/../lib/gcc/arm-none-eabi/10.3.1/thumb/v7-m/nofp/crti.o
_global_impure_ptr                                /home/callum/.config/Code/User/globalStorage/bmd.stm32-for-vscode/@xpack-dev-tools/arm-none-eabi-gcc/10.3.1-2.3.1/.content/bin/../lib/gcc/arm-none-eabi/10.3.1/../../../../arm-none-eabi/lib/thumb/v7-m/nofp/libc_nano.a(lib_a-impure.o)
                                                  /home/callum/.config/Code/User/globalStorage/bmd.stm32-for-vscode/@xpack-dev-tools/arm-none-eabi-gcc/10.3.1-2.3.1/.content/bin/../lib/gcc/arm-none-eabi/10.3.1/../../../../arm-none-eabi/lib/thumb/v7-m/nofp/libc_nano.a(lib_a-exit.o)
_impure_ptr                                       /home/callum/.config/Code/User/globalStorage/bmd.stm32-for-vscode/@xpack-dev-tools/arm-none-eabi-gcc/10.3.1-2.3.1/.content/bin/../lib/gcc/arm-none-eabi/10.3.1/../../../../arm-none-eabi/lib/thumb/v7-m/nofp/libc_nano.a(lib_a-impure.o)
_init                                             /home/callum/.config/Code/User/globalStorage/bmd.stm32-for-vscode/@xpack-dev-tools/arm-none-eabi-gcc/10.3.1-2.3.1/.content/bin/../lib/gcc/arm-none-eabi/10.3.1/thumb/v7-m/nofp/crti.o
                                                  /home/callum/.config/Code/User/globalStorage/bmd.stm32-for-vscode/@xpack-dev-tools/arm-none-eabi-gcc/10.3.1-2.3.1/.content/bin/../lib/gcc/arm-none-eabi/10.3.1/../../../../arm-none-eabi/lib/thumb/v7-m/nofp/libc_nano.a(lib_a-init.o)
_mainCRTStartup                                   /home/callum/.config/Code/User/globalStorage/bmd.stm32-for-vscode/@xpack-dev-tools/arm-none-eabi-gcc/10.3.1-2.3.1/.content/bin/../lib/gcc/arm-none-eabi/10.3.1/../../../../arm-none-eabi/lib/thumb/v7-m/nofp/crt0.o
_sbss                                             build/startup_stm32f103xb.o
_sdata                                            build/startup_stm32f103xb.o
_sidata                                           build/startup_stm32f103xb.o
_stack_init                                       /home/callum/.config/Code/User/globalStorage/bmd.stm32-for-vscode/@xpack-dev-tools/arm-none-eabi-gcc/10.3.1-2.3.1/.content/bin/../lib/gcc/arm-none-eabi/10.3.1/../../../../arm-none-eabi/lib/thumb/v7-m/nofp/crt0.o
_start                                            /home/callum/.config/Code/User/globalStorage/bmd.stm32-for-vscode/@xpack-dev-tools/arm-none-eabi-gcc/10.3.1-2.3.1/.content/bin/../lib/gcc/arm-none-eabi/10.3.1/../../../../arm-none-eabi/lib/thumb/v7-m/nofp/crt0.o
atexit                                            /home/callum/.config/Code/User/globalStorage/bmd.stm32-for-vscode/@xpack-dev-tools/arm-none-eabi-gcc/10.3.1-2.3.1/.content/bin/../lib/gcc/arm-none-eabi/10.3.1/../../../../arm-none-eabi/lib/thumb/v7-m/nofp/crt0.o
blocking_delay_ms                                 build/hw_systick.o
bout_init                                         build/mgr_bout.o
bout_poll                                         build/mgr_bout.o
bout_reset                                        build/mgr_bout.o
bout_reset_lib                                    build/mgr_bout.o
bout_set                                          build/mgr_bout.o
bout_start                                        build/mgr_bout.o
bout_stop                                         build/mgr_bout.o
bout_tick_callback                                build/mgr_bout.o
buf_get_free_data                                 build/util_buffer.o
buf_get_free_elem                                 build/util_buffer.o
buf_init                                          build/util_buffer.o
                                                  build/mgr_i2c.o
buf_is_empty                                      build/util_buffer.o
                                                  build/mgr_i2c.o
buf_peek                                          build/util_buffer.o
buf_read                                          build/util_buffer.o
                                                  build/mgr_i2c.o
buf_reset                                         build/util_buffer.o
                                                  build/mgr_i2c.o
buf_write                                         build/util_buffer.o
                                                  build/mgr_i2c.o
dbg_log                                           build/util_error.o
dbg_log_code                                      build/util_error.o
dbg_log_init                                      build/util_error.o
exit                                              /home/callum/.config/Code/User/globalStorage/bmd.stm32-for-vscode/@xpack-dev-tools/arm-none-eabi-gcc/10.3.1-2.3.1/.content/bin/../lib/gcc/arm-none-eabi/10.3.1/../../../../arm-none-eabi/lib/thumb/v7-m/nofp/libc_nano.a(lib_a-exit.o)
                                                  /home/callum/.config/Code/User/globalStorage/bmd.stm32-for-vscode/@xpack-dev-tools/arm-none-eabi-gcc/10.3.1-2.3.1/.content/bin/../lib/gcc/arm-none-eabi/10.3.1/../../../../arm-none-eabi/lib/thumb/v7-m/nofp/crt0.o
g_pfnVectors                                      build/startup_stm32f103xb.o
gpioexp_get_pin                                   build/drv_gpioexp.o
gpioexp_init                                      build/drv_gpioexp.o
                                                  build/main.o
gpioexp_set_pin                                   build/drv_gpioexp.o
hardware_init_hook                                /home/callum/.config/Code/User/globalStorage/bmd.stm32-for-vscode/@xpack-dev-tools/arm-none-eabi-gcc/10.3.1-2.3.1/.content/bin/../lib/gcc/arm-none-eabi/10.3.1/../../../../arm-none-eabi/lib/thumb/v7-m/nofp/crt0.o
heartbeat_get_poll_mode                           build/mgr_hearbeat.o
heartbeat_init                                    build/mgr_hearbeat.o
                                                  build/main.o
heartbeat_lower_multiple                          build/mgr_hearbeat.o
heartbeat_poll                                    build/mgr_hearbeat.o
                                                  build/main.o
heartbeat_reset                                   build/mgr_hearbeat.o
heartbeat_set_pattern_mode                        build/mgr_hearbeat.o
                                                  build/main.o
heartbeat_set_period_ms                           build/mgr_hearbeat.o
                                                  build/main.o
heartbeat_set_poll_mode                           build/mgr_hearbeat.o
                                                  build/main.o
heartbeat_start                                   build/mgr_hearbeat.o
                                                  build/main.o
heartbeat_stop                                    build/mgr_hearbeat.o
heartbeat_tick_callback                           build/mgr_hearbeat.o
hv_init                                           build/mgr_hv.o
hv_rail_disable                                   build/mgr_hv.o
hv_rail_enable                                    build/mgr_hv.o
hw_system_clocks_init                             build/main.o
hw_systick_add_callback                           build/hw_systick.o
                                                  build/mgr_hearbeat.o
                                                  build/mgr_bout.o
hw_systick_clear_callbacks                        build/hw_systick.o
hw_systick_get_freq                               build/hw_systick.o
                                                  build/mgr_hearbeat.o
hw_systick_init                                   build/hw_systick.o
                                                  build/main.o
hw_systick_remove_callback                        build/hw_systick.o
hw_systick_reset                                  build/hw_systick.o
hw_systick_start                                  build/hw_systick.o
hw_systick_stop                                   build/hw_systick.o
i2c1_SR1_dummy_read                               build/hw_i2c1.o
i2c1_SR2_dummy_read                               build/hw_i2c1.o
i2c1_ack_bit                                      build/hw_i2c1.o
                                                  build/mgr_i2c.o
i2c1_disable_periph                               build/hw_i2c1.o
                                                  build/mgr_i2c.o
i2c1_enable_periph                                build/hw_i2c1.o
                                                  build/mgr_i2c.o
i2c1_get_last_error                               build/hw_i2c1.o
i2c1_get_last_event                               build/hw_i2c1.o
                                                  build/mgr_i2c.o
i2c1_init                                         build/hw_i2c1.o
                                                  build/mgr_i2c.o
i2c1_nack_bit                                     build/hw_i2c1.o
                                                  build/mgr_i2c.o
i2c1_recv                                         build/hw_i2c1.o
                                                  build/mgr_i2c.o
i2c1_reset_periph                                 build/hw_i2c1.o
                                                  build/mgr_i2c.o
i2c1_send                                         build/hw_i2c1.o
                                                  build/mgr_i2c.o
i2c1_set_err_callback                             build/hw_i2c1.o
                                                  build/mgr_i2c.o
i2c1_set_evt_callback                             build/hw_i2c1.o
                                                  build/mgr_i2c.o
i2c1_start                                        build/hw_i2c1.o
                                                  build/mgr_i2c.o
i2c1_stop                                         build/hw_i2c1.o
                                                  build/mgr_i2c.o
i2c_decode_i2c1_event                             build/mgr_i2c.o
i2c_disable                                       build/mgr_i2c.o
i2c_enable                                        build/mgr_i2c.o
i2c_error_callback                                build/mgr_i2c.o
i2c_event_callback                                build/mgr_i2c.o
i2c_init                                          build/mgr_i2c.o
                                                  build/main.o
i2c_poll_fsm                                      build/mgr_i2c.o
i2c_queue_msg                                     build/mgr_i2c.o
                                                  build/drv_gpioexp.o
i2c_reset                                         build/mgr_i2c.o
i2c_state_error                                   build/mgr_i2c.o
i2c_state_idle                                    build/mgr_i2c.o
i2c_state_rx_data                                 build/mgr_i2c.o
i2c_state_start_bit                               build/mgr_i2c.o
i2c_state_stop_bit                                build/mgr_i2c.o
i2c_state_tx_data                                 build/mgr_i2c.o
i2c_trig_state_trans                              build/mgr_i2c.o
init_trans                                        build/util_fsm.o
main                                              build/main.o
                                                  build/startup_stm32f103xb.o
                                                  /home/callum/.config/Code/User/globalStorage/bmd.stm32-for-vscode/@xpack-dev-tools/arm-none-eabi-gcc/10.3.1-2.3.1/.content/bin/../lib/gcc/arm-none-eabi/10.3.1/../../../../arm-none-eabi/lib/thumb/v7-m/nofp/crt0.o
memcpy                                            /home/callum/.config/Code/User/globalStorage/bmd.stm32-for-vscode/@xpack-dev-tools/arm-none-eabi-gcc/10.3.1-2.3.1/.content/bin/../lib/gcc/arm-none-eabi/10.3.1/../../../../arm-none-eabi/lib/thumb/v7-m/nofp/libc_nano.a(lib_a-memcpy-stub.o)
                                                  build/util_buffer.o
memset                                            /home/callum/.config/Code/User/globalStorage/bmd.stm32-for-vscode/@xpack-dev-tools/arm-none-eabi-gcc/10.3.1-2.3.1/.content/bin/../lib/gcc/arm-none-eabi/10.3.1/../../../../arm-none-eabi/lib/thumb/v7-m/nofp/libc_nano.a(lib_a-memset.o)
                                                  build/util_buffer.o
                                                  /home/callum/.config/Code/User/globalStorage/bmd.stm32-for-vscode/@xpack-dev-tools/arm-none-eabi-gcc/10.3.1-2.3.1/.content/bin/../lib/gcc/arm-none-eabi/10.3.1/../../../../arm-none-eabi/lib/thumb/v7-m/nofp/crt0.o
software_init_hook                                /home/callum/.config/Code/User/globalStorage/bmd.stm32-for-vscode/@xpack-dev-tools/arm-none-eabi-gcc/10.3.1-2.3.1/.content/bin/../lib/gcc/arm-none-eabi/10.3.1/../../../../arm-none-eabi/lib/thumb/v7-m/nofp/crt0.o
stmgpio_can_init                                  build/hw_stmgpio.o
stmgpio_read                                      build/hw_stmgpio.o
stmgpio_setup                                     build/hw_stmgpio.o
                                                  build/mgr_hv.o
                                                  build/mgr_hearbeat.o
                                                  build/mgr_bout.o
                                                  build/hw_i2c1.o
stmgpio_write                                     build/hw_stmgpio.o
                                                  build/mgr_hearbeat.o
                                                  build/mgr_bout.o
